Archive member included because of file (symbol)

/opt/Freescale/KDS_v3/toolchain/bin/../lib/gcc/arm-none-eabi/4.8.4/../../../../arm-none-eabi/lib/armv7e-m/libm.a(lib_a-w_pow.o)
                              ./Sources/main.o (pow)
/opt/Freescale/KDS_v3/toolchain/bin/../lib/gcc/arm-none-eabi/4.8.4/../../../../arm-none-eabi/lib/armv7e-m/libm.a(lib_a-e_pow.o)
                              /opt/Freescale/KDS_v3/toolchain/bin/../lib/gcc/arm-none-eabi/4.8.4/../../../../arm-none-eabi/lib/armv7e-m/libm.a(lib_a-w_pow.o) (__ieee754_pow)
/opt/Freescale/KDS_v3/toolchain/bin/../lib/gcc/arm-none-eabi/4.8.4/../../../../arm-none-eabi/lib/armv7e-m/libm.a(lib_a-e_sqrt.o)
                              /opt/Freescale/KDS_v3/toolchain/bin/../lib/gcc/arm-none-eabi/4.8.4/../../../../arm-none-eabi/lib/armv7e-m/libm.a(lib_a-e_pow.o) (__ieee754_sqrt)
/opt/Freescale/KDS_v3/toolchain/bin/../lib/gcc/arm-none-eabi/4.8.4/../../../../arm-none-eabi/lib/armv7e-m/libm.a(lib_a-s_fabs.o)
                              /opt/Freescale/KDS_v3/toolchain/bin/../lib/gcc/arm-none-eabi/4.8.4/../../../../arm-none-eabi/lib/armv7e-m/libm.a(lib_a-e_pow.o) (fabs)
/opt/Freescale/KDS_v3/toolchain/bin/../lib/gcc/arm-none-eabi/4.8.4/../../../../arm-none-eabi/lib/armv7e-m/libm.a(lib_a-s_finite.o)
                              /opt/Freescale/KDS_v3/toolchain/bin/../lib/gcc/arm-none-eabi/4.8.4/../../../../arm-none-eabi/lib/armv7e-m/libm.a(lib_a-w_pow.o) (finite)
/opt/Freescale/KDS_v3/toolchain/bin/../lib/gcc/arm-none-eabi/4.8.4/../../../../arm-none-eabi/lib/armv7e-m/libm.a(lib_a-s_fpclassify.o)
                              /opt/Freescale/KDS_v3/toolchain/bin/../lib/gcc/arm-none-eabi/4.8.4/../../../../arm-none-eabi/lib/armv7e-m/libm.a(lib_a-w_pow.o) (__fpclassifyd)
/opt/Freescale/KDS_v3/toolchain/bin/../lib/gcc/arm-none-eabi/4.8.4/../../../../arm-none-eabi/lib/armv7e-m/libm.a(lib_a-s_lib_ver.o)
                              /opt/Freescale/KDS_v3/toolchain/bin/../lib/gcc/arm-none-eabi/4.8.4/../../../../arm-none-eabi/lib/armv7e-m/libm.a(lib_a-w_pow.o) (__fdlib_version)
/opt/Freescale/KDS_v3/toolchain/bin/../lib/gcc/arm-none-eabi/4.8.4/../../../../arm-none-eabi/lib/armv7e-m/libm.a(lib_a-s_matherr.o)
                              /opt/Freescale/KDS_v3/toolchain/bin/../lib/gcc/arm-none-eabi/4.8.4/../../../../arm-none-eabi/lib/armv7e-m/libm.a(lib_a-w_pow.o) (matherr)
/opt/Freescale/KDS_v3/toolchain/bin/../lib/gcc/arm-none-eabi/4.8.4/../../../../arm-none-eabi/lib/armv7e-m/libm.a(lib_a-s_nan.o)
                              /opt/Freescale/KDS_v3/toolchain/bin/../lib/gcc/arm-none-eabi/4.8.4/../../../../arm-none-eabi/lib/armv7e-m/libm.a(lib_a-e_pow.o) (nan)
/opt/Freescale/KDS_v3/toolchain/bin/../lib/gcc/arm-none-eabi/4.8.4/../../../../arm-none-eabi/lib/armv7e-m/libm.a(lib_a-s_rint.o)
                              /opt/Freescale/KDS_v3/toolchain/bin/../lib/gcc/arm-none-eabi/4.8.4/../../../../arm-none-eabi/lib/armv7e-m/libm.a(lib_a-w_pow.o) (rint)
/opt/Freescale/KDS_v3/toolchain/bin/../lib/gcc/arm-none-eabi/4.8.4/../../../../arm-none-eabi/lib/armv7e-m/libm.a(lib_a-s_scalbn.o)
                              /opt/Freescale/KDS_v3/toolchain/bin/../lib/gcc/arm-none-eabi/4.8.4/../../../../arm-none-eabi/lib/armv7e-m/libm.a(lib_a-e_pow.o) (scalbn)
/opt/Freescale/KDS_v3/toolchain/bin/../lib/gcc/arm-none-eabi/4.8.4/../../../../arm-none-eabi/lib/armv7e-m/libm.a(lib_a-s_copysign.o)
                              /opt/Freescale/KDS_v3/toolchain/bin/../lib/gcc/arm-none-eabi/4.8.4/../../../../arm-none-eabi/lib/armv7e-m/libm.a(lib_a-s_scalbn.o) (copysign)
/opt/Freescale/KDS_v3/toolchain/bin/../lib/gcc/arm-none-eabi/4.8.4/armv7e-m/libgcc.a(_arm_addsubdf3.o)
                              /opt/Freescale/KDS_v3/toolchain/bin/../lib/gcc/arm-none-eabi/4.8.4/../../../../arm-none-eabi/lib/armv7e-m/libm.a(lib_a-e_pow.o) (__aeabi_dsub)
/opt/Freescale/KDS_v3/toolchain/bin/../lib/gcc/arm-none-eabi/4.8.4/armv7e-m/libgcc.a(_arm_muldivdf3.o)
                              /opt/Freescale/KDS_v3/toolchain/bin/../lib/gcc/arm-none-eabi/4.8.4/../../../../arm-none-eabi/lib/armv7e-m/libm.a(lib_a-w_pow.o) (__aeabi_dmul)
/opt/Freescale/KDS_v3/toolchain/bin/../lib/gcc/arm-none-eabi/4.8.4/armv7e-m/libgcc.a(_arm_cmpdf2.o)
                              /opt/Freescale/KDS_v3/toolchain/bin/../lib/gcc/arm-none-eabi/4.8.4/../../../../arm-none-eabi/lib/armv7e-m/libm.a(lib_a-w_pow.o) (__aeabi_dcmpeq)
/opt/Freescale/KDS_v3/toolchain/bin/../lib/gcc/arm-none-eabi/4.8.4/armv7e-m/libgcc.a(_arm_fixdfsi.o)
                              ./Sources/main.o (__aeabi_d2iz)
/opt/Freescale/KDS_v3/toolchain/bin/../lib/gcc/arm-none-eabi/4.8.4/armv7e-m/libgcc.a(_arm_truncdfsf2.o)
                              ./Sources/main.o (__aeabi_d2f)
/opt/Freescale/KDS_v3/toolchain/bin/../lib/gcc/arm-none-eabi/4.8.4/armv7e-m/libgcc.a(_arm_muldivsf3.o)
                              ./Sources/main.o (__aeabi_fmul)
/opt/Freescale/KDS_v3/toolchain/bin/../lib/gcc/arm-none-eabi/4.8.4/armv7e-m/libgcc.a(_arm_fixsfsi.o)
                              ./Sources/main.o (__aeabi_f2iz)
/opt/Freescale/KDS_v3/toolchain/bin/../lib/gcc/arm-none-eabi/4.8.4/../../../../arm-none-eabi/lib/armv7e-m/libg_s.a(lib_a-errno.o)
                              /opt/Freescale/KDS_v3/toolchain/bin/../lib/gcc/arm-none-eabi/4.8.4/../../../../arm-none-eabi/lib/armv7e-m/libm.a(lib_a-w_pow.o) (__errno)
/opt/Freescale/KDS_v3/toolchain/bin/../lib/gcc/arm-none-eabi/4.8.4/../../../../arm-none-eabi/lib/armv7e-m/libg_s.a(lib_a-exit.o)
                              /opt/Freescale/KDS_v3/toolchain/bin/../lib/gcc/arm-none-eabi/4.8.4/../../../../arm-none-eabi/lib/armv7e-m/crt0.o (exit)
/opt/Freescale/KDS_v3/toolchain/bin/../lib/gcc/arm-none-eabi/4.8.4/../../../../arm-none-eabi/lib/armv7e-m/libg_s.a(lib_a-impure.o)
                              /opt/Freescale/KDS_v3/toolchain/bin/../lib/gcc/arm-none-eabi/4.8.4/../../../../arm-none-eabi/lib/armv7e-m/libg_s.a(lib_a-exit.o) (_global_impure_ptr)
/opt/Freescale/KDS_v3/toolchain/bin/../lib/gcc/arm-none-eabi/4.8.4/../../../../arm-none-eabi/lib/armv7e-m/libg_s.a(lib_a-init.o)
                              /opt/Freescale/KDS_v3/toolchain/bin/../lib/gcc/arm-none-eabi/4.8.4/../../../../arm-none-eabi/lib/armv7e-m/crt0.o (__libc_init_array)
/opt/Freescale/KDS_v3/toolchain/bin/../lib/gcc/arm-none-eabi/4.8.4/../../../../arm-none-eabi/lib/armv7e-m/libg_s.a(lib_a-memset.o)
                              /opt/Freescale/KDS_v3/toolchain/bin/../lib/gcc/arm-none-eabi/4.8.4/../../../../arm-none-eabi/lib/armv7e-m/crt0.o (memset)
/opt/Freescale/KDS_v3/toolchain/bin/../lib/gcc/arm-none-eabi/4.8.4/../../../../arm-none-eabi/lib/armv7e-m/libnosys.a(_exit.o)
                              /opt/Freescale/KDS_v3/toolchain/bin/../lib/gcc/arm-none-eabi/4.8.4/../../../../arm-none-eabi/lib/armv7e-m/libg_s.a(lib_a-exit.o) (_exit)

Discarded input sections

 .text          0x00000000        0x0 /opt/Freescale/KDS_v3/toolchain/bin/../lib/gcc/arm-none-eabi/4.8.4/armv7e-m/crti.o
 .data          0x00000000        0x0 /opt/Freescale/KDS_v3/toolchain/bin/../lib/gcc/arm-none-eabi/4.8.4/armv7e-m/crti.o
 .bss           0x00000000        0x0 /opt/Freescale/KDS_v3/toolchain/bin/../lib/gcc/arm-none-eabi/4.8.4/armv7e-m/crti.o
 .data          0x00000000        0x4 /opt/Freescale/KDS_v3/toolchain/bin/../lib/gcc/arm-none-eabi/4.8.4/armv7e-m/crtbegin.o
 .data          0x00000000        0x0 /opt/Freescale/KDS_v3/toolchain/bin/../lib/gcc/arm-none-eabi/4.8.4/../../../../arm-none-eabi/lib/armv7e-m/crt0.o
 .bss           0x00000000        0x0 /opt/Freescale/KDS_v3/toolchain/bin/../lib/gcc/arm-none-eabi/4.8.4/../../../../arm-none-eabi/lib/armv7e-m/crt0.o
 .ARM.extab     0x00000000        0x0 /opt/Freescale/KDS_v3/toolchain/bin/../lib/gcc/arm-none-eabi/4.8.4/../../../../arm-none-eabi/lib/armv7e-m/crt0.o
 .group         0x00000000        0x8 ./Sources/main.o
 .group         0x00000000        0x8 ./Sources/main.o
 .group         0x00000000        0x8 ./Sources/main.o
 .group         0x00000000        0x8 ./Sources/main.o
 .group         0x00000000        0x8 ./Sources/main.o
 .group         0x00000000        0x8 ./Sources/main.o
 .group         0x00000000        0x8 ./Sources/main.o
 .group         0x00000000        0x8 ./Sources/main.o
 .group         0x00000000        0x8 ./Sources/main.o
 .group         0x00000000        0x8 ./Sources/main.o
 .group         0x00000000        0x8 ./Sources/main.o
 .group         0x00000000        0x8 ./Sources/main.o
 .group         0x00000000        0x8 ./Sources/main.o
 .group         0x00000000        0x8 ./Sources/main.o
 .group         0x00000000        0x8 ./Sources/main.o
 .group         0x00000000        0x8 ./Sources/main.o
 .group         0x00000000        0x8 ./Sources/main.o
 .group         0x00000000        0x8 ./Sources/main.o
 .group         0x00000000        0x8 ./Sources/main.o
 .group         0x00000000        0x8 ./Sources/main.o
 .group         0x00000000        0x8 ./Sources/main.o
 .text          0x00000000        0x0 ./Sources/main.o
 .data          0x00000000        0x0 ./Sources/main.o
 .bss           0x00000000        0x0 ./Sources/main.o
 .data          0x00000000        0x0 ./Project_Settings/Startup_Code/startup_MK60D10.o
 .bss           0x00000000        0x0 ./Project_Settings/Startup_Code/startup_MK60D10.o
 .group         0x00000000        0x8 ./Project_Settings/Startup_Code/system_MK60D10.o
 .group         0x00000000        0x8 ./Project_Settings/Startup_Code/system_MK60D10.o
 .group         0x00000000        0x8 ./Project_Settings/Startup_Code/system_MK60D10.o
 .group         0x00000000        0x8 ./Project_Settings/Startup_Code/system_MK60D10.o
 .group         0x00000000        0x8 ./Project_Settings/Startup_Code/system_MK60D10.o
 .group         0x00000000        0x8 ./Project_Settings/Startup_Code/system_MK60D10.o
 .group         0x00000000        0x8 ./Project_Settings/Startup_Code/system_MK60D10.o
 .group         0x00000000        0x8 ./Project_Settings/Startup_Code/system_MK60D10.o
 .group         0x00000000        0x8 ./Project_Settings/Startup_Code/system_MK60D10.o
 .group         0x00000000        0x8 ./Project_Settings/Startup_Code/system_MK60D10.o
 .group         0x00000000        0x8 ./Project_Settings/Startup_Code/system_MK60D10.o
 .text          0x00000000        0x0 ./Project_Settings/Startup_Code/system_MK60D10.o
 .data          0x00000000        0x0 ./Project_Settings/Startup_Code/system_MK60D10.o
 .bss           0x00000000        0x0 ./Project_Settings/Startup_Code/system_MK60D10.o
 .data.SystemCoreClock
                0x00000000        0x4 ./Project_Settings/Startup_Code/system_MK60D10.o
 .text.SystemCoreClockUpdate
                0x00000000      0x250 ./Project_Settings/Startup_Code/system_MK60D10.o
 .debug_macro   0x00000000      0x84a ./Project_Settings/Startup_Code/system_MK60D10.o
 .debug_macro   0x00000000       0x16 ./Project_Settings/Startup_Code/system_MK60D10.o
 .debug_macro   0x00000000       0x44 ./Project_Settings/Startup_Code/system_MK60D10.o
 .debug_macro   0x00000000      0x209 ./Project_Settings/Startup_Code/system_MK60D10.o
 .debug_macro   0x00000000       0x3b ./Project_Settings/Startup_Code/system_MK60D10.o
 .debug_macro   0x00000000       0x34 ./Project_Settings/Startup_Code/system_MK60D10.o
 .debug_macro   0x00000000       0x26 ./Project_Settings/Startup_Code/system_MK60D10.o
 .debug_macro   0x00000000      0xba3 ./Project_Settings/Startup_Code/system_MK60D10.o
 .debug_macro   0x00000000       0x71 ./Project_Settings/Startup_Code/system_MK60D10.o
 .debug_macro   0x00000000    0x17cf8 ./Project_Settings/Startup_Code/system_MK60D10.o
 .text          0x00000000        0x0 /opt/Freescale/KDS_v3/toolchain/bin/../lib/gcc/arm-none-eabi/4.8.4/../../../../arm-none-eabi/lib/armv7e-m/libm.a(lib_a-w_pow.o)
 .data          0x00000000        0x0 /opt/Freescale/KDS_v3/toolchain/bin/../lib/gcc/arm-none-eabi/4.8.4/../../../../arm-none-eabi/lib/armv7e-m/libm.a(lib_a-w_pow.o)
 .bss           0x00000000        0x0 /opt/Freescale/KDS_v3/toolchain/bin/../lib/gcc/arm-none-eabi/4.8.4/../../../../arm-none-eabi/lib/armv7e-m/libm.a(lib_a-w_pow.o)
 .text          0x00000000        0x0 /opt/Freescale/KDS_v3/toolchain/bin/../lib/gcc/arm-none-eabi/4.8.4/../../../../arm-none-eabi/lib/armv7e-m/libm.a(lib_a-e_pow.o)
 .data          0x00000000        0x0 /opt/Freescale/KDS_v3/toolchain/bin/../lib/gcc/arm-none-eabi/4.8.4/../../../../arm-none-eabi/lib/armv7e-m/libm.a(lib_a-e_pow.o)
 .bss           0x00000000        0x0 /opt/Freescale/KDS_v3/toolchain/bin/../lib/gcc/arm-none-eabi/4.8.4/../../../../arm-none-eabi/lib/armv7e-m/libm.a(lib_a-e_pow.o)
 .text          0x00000000        0x0 /opt/Freescale/KDS_v3/toolchain/bin/../lib/gcc/arm-none-eabi/4.8.4/../../../../arm-none-eabi/lib/armv7e-m/libm.a(lib_a-e_sqrt.o)
 .data          0x00000000        0x0 /opt/Freescale/KDS_v3/toolchain/bin/../lib/gcc/arm-none-eabi/4.8.4/../../../../arm-none-eabi/lib/armv7e-m/libm.a(lib_a-e_sqrt.o)
 .bss           0x00000000        0x0 /opt/Freescale/KDS_v3/toolchain/bin/../lib/gcc/arm-none-eabi/4.8.4/../../../../arm-none-eabi/lib/armv7e-m/libm.a(lib_a-e_sqrt.o)
 .text          0x00000000        0x0 /opt/Freescale/KDS_v3/toolchain/bin/../lib/gcc/arm-none-eabi/4.8.4/../../../../arm-none-eabi/lib/armv7e-m/libm.a(lib_a-s_fabs.o)
 .data          0x00000000        0x0 /opt/Freescale/KDS_v3/toolchain/bin/../lib/gcc/arm-none-eabi/4.8.4/../../../../arm-none-eabi/lib/armv7e-m/libm.a(lib_a-s_fabs.o)
 .bss           0x00000000        0x0 /opt/Freescale/KDS_v3/toolchain/bin/../lib/gcc/arm-none-eabi/4.8.4/../../../../arm-none-eabi/lib/armv7e-m/libm.a(lib_a-s_fabs.o)
 .text          0x00000000        0x0 /opt/Freescale/KDS_v3/toolchain/bin/../lib/gcc/arm-none-eabi/4.8.4/../../../../arm-none-eabi/lib/armv7e-m/libm.a(lib_a-s_finite.o)
 .data          0x00000000        0x0 /opt/Freescale/KDS_v3/toolchain/bin/../lib/gcc/arm-none-eabi/4.8.4/../../../../arm-none-eabi/lib/armv7e-m/libm.a(lib_a-s_finite.o)
 .bss           0x00000000        0x0 /opt/Freescale/KDS_v3/toolchain/bin/../lib/gcc/arm-none-eabi/4.8.4/../../../../arm-none-eabi/lib/armv7e-m/libm.a(lib_a-s_finite.o)
 .text          0x00000000        0x0 /opt/Freescale/KDS_v3/toolchain/bin/../lib/gcc/arm-none-eabi/4.8.4/../../../../arm-none-eabi/lib/armv7e-m/libm.a(lib_a-s_fpclassify.o)
 .data          0x00000000        0x0 /opt/Freescale/KDS_v3/toolchain/bin/../lib/gcc/arm-none-eabi/4.8.4/../../../../arm-none-eabi/lib/armv7e-m/libm.a(lib_a-s_fpclassify.o)
 .bss           0x00000000        0x0 /opt/Freescale/KDS_v3/toolchain/bin/../lib/gcc/arm-none-eabi/4.8.4/../../../../arm-none-eabi/lib/armv7e-m/libm.a(lib_a-s_fpclassify.o)
 .text          0x00000000        0x0 /opt/Freescale/KDS_v3/toolchain/bin/../lib/gcc/arm-none-eabi/4.8.4/../../../../arm-none-eabi/lib/armv7e-m/libm.a(lib_a-s_lib_ver.o)
 .data          0x00000000        0x0 /opt/Freescale/KDS_v3/toolchain/bin/../lib/gcc/arm-none-eabi/4.8.4/../../../../arm-none-eabi/lib/armv7e-m/libm.a(lib_a-s_lib_ver.o)
 .bss           0x00000000        0x0 /opt/Freescale/KDS_v3/toolchain/bin/../lib/gcc/arm-none-eabi/4.8.4/../../../../arm-none-eabi/lib/armv7e-m/libm.a(lib_a-s_lib_ver.o)
 .text          0x00000000        0x0 /opt/Freescale/KDS_v3/toolchain/bin/../lib/gcc/arm-none-eabi/4.8.4/../../../../arm-none-eabi/lib/armv7e-m/libm.a(lib_a-s_matherr.o)
 .data          0x00000000        0x0 /opt/Freescale/KDS_v3/toolchain/bin/../lib/gcc/arm-none-eabi/4.8.4/../../../../arm-none-eabi/lib/armv7e-m/libm.a(lib_a-s_matherr.o)
 .bss           0x00000000        0x0 /opt/Freescale/KDS_v3/toolchain/bin/../lib/gcc/arm-none-eabi/4.8.4/../../../../arm-none-eabi/lib/armv7e-m/libm.a(lib_a-s_matherr.o)
 .text          0x00000000        0x0 /opt/Freescale/KDS_v3/toolchain/bin/../lib/gcc/arm-none-eabi/4.8.4/../../../../arm-none-eabi/lib/armv7e-m/libm.a(lib_a-s_nan.o)
 .data          0x00000000        0x0 /opt/Freescale/KDS_v3/toolchain/bin/../lib/gcc/arm-none-eabi/4.8.4/../../../../arm-none-eabi/lib/armv7e-m/libm.a(lib_a-s_nan.o)
 .bss           0x00000000        0x0 /opt/Freescale/KDS_v3/toolchain/bin/../lib/gcc/arm-none-eabi/4.8.4/../../../../arm-none-eabi/lib/armv7e-m/libm.a(lib_a-s_nan.o)
 .text          0x00000000        0x0 /opt/Freescale/KDS_v3/toolchain/bin/../lib/gcc/arm-none-eabi/4.8.4/../../../../arm-none-eabi/lib/armv7e-m/libm.a(lib_a-s_rint.o)
 .data          0x00000000        0x0 /opt/Freescale/KDS_v3/toolchain/bin/../lib/gcc/arm-none-eabi/4.8.4/../../../../arm-none-eabi/lib/armv7e-m/libm.a(lib_a-s_rint.o)
 .bss           0x00000000        0x0 /opt/Freescale/KDS_v3/toolchain/bin/../lib/gcc/arm-none-eabi/4.8.4/../../../../arm-none-eabi/lib/armv7e-m/libm.a(lib_a-s_rint.o)
 .text          0x00000000        0x0 /opt/Freescale/KDS_v3/toolchain/bin/../lib/gcc/arm-none-eabi/4.8.4/../../../../arm-none-eabi/lib/armv7e-m/libm.a(lib_a-s_scalbn.o)
 .data          0x00000000        0x0 /opt/Freescale/KDS_v3/toolchain/bin/../lib/gcc/arm-none-eabi/4.8.4/../../../../arm-none-eabi/lib/armv7e-m/libm.a(lib_a-s_scalbn.o)
 .bss           0x00000000        0x0 /opt/Freescale/KDS_v3/toolchain/bin/../lib/gcc/arm-none-eabi/4.8.4/../../../../arm-none-eabi/lib/armv7e-m/libm.a(lib_a-s_scalbn.o)
 .text          0x00000000        0x0 /opt/Freescale/KDS_v3/toolchain/bin/../lib/gcc/arm-none-eabi/4.8.4/../../../../arm-none-eabi/lib/armv7e-m/libm.a(lib_a-s_copysign.o)
 .data          0x00000000        0x0 /opt/Freescale/KDS_v3/toolchain/bin/../lib/gcc/arm-none-eabi/4.8.4/../../../../arm-none-eabi/lib/armv7e-m/libm.a(lib_a-s_copysign.o)
 .bss           0x00000000        0x0 /opt/Freescale/KDS_v3/toolchain/bin/../lib/gcc/arm-none-eabi/4.8.4/../../../../arm-none-eabi/lib/armv7e-m/libm.a(lib_a-s_copysign.o)
 .data          0x00000000        0x0 /opt/Freescale/KDS_v3/toolchain/bin/../lib/gcc/arm-none-eabi/4.8.4/armv7e-m/libgcc.a(_arm_addsubdf3.o)
 .bss           0x00000000        0x0 /opt/Freescale/KDS_v3/toolchain/bin/../lib/gcc/arm-none-eabi/4.8.4/armv7e-m/libgcc.a(_arm_addsubdf3.o)
 .data          0x00000000        0x0 /opt/Freescale/KDS_v3/toolchain/bin/../lib/gcc/arm-none-eabi/4.8.4/armv7e-m/libgcc.a(_arm_muldivdf3.o)
 .bss           0x00000000        0x0 /opt/Freescale/KDS_v3/toolchain/bin/../lib/gcc/arm-none-eabi/4.8.4/armv7e-m/libgcc.a(_arm_muldivdf3.o)
 .data          0x00000000        0x0 /opt/Freescale/KDS_v3/toolchain/bin/../lib/gcc/arm-none-eabi/4.8.4/armv7e-m/libgcc.a(_arm_cmpdf2.o)
 .bss           0x00000000        0x0 /opt/Freescale/KDS_v3/toolchain/bin/../lib/gcc/arm-none-eabi/4.8.4/armv7e-m/libgcc.a(_arm_cmpdf2.o)
 .data          0x00000000        0x0 /opt/Freescale/KDS_v3/toolchain/bin/../lib/gcc/arm-none-eabi/4.8.4/armv7e-m/libgcc.a(_arm_fixdfsi.o)
 .bss           0x00000000        0x0 /opt/Freescale/KDS_v3/toolchain/bin/../lib/gcc/arm-none-eabi/4.8.4/armv7e-m/libgcc.a(_arm_fixdfsi.o)
 .data          0x00000000        0x0 /opt/Freescale/KDS_v3/toolchain/bin/../lib/gcc/arm-none-eabi/4.8.4/armv7e-m/libgcc.a(_arm_truncdfsf2.o)
 .bss           0x00000000        0x0 /opt/Freescale/KDS_v3/toolchain/bin/../lib/gcc/arm-none-eabi/4.8.4/armv7e-m/libgcc.a(_arm_truncdfsf2.o)
 .data          0x00000000        0x0 /opt/Freescale/KDS_v3/toolchain/bin/../lib/gcc/arm-none-eabi/4.8.4/armv7e-m/libgcc.a(_arm_muldivsf3.o)
 .bss           0x00000000        0x0 /opt/Freescale/KDS_v3/toolchain/bin/../lib/gcc/arm-none-eabi/4.8.4/armv7e-m/libgcc.a(_arm_muldivsf3.o)
 .data          0x00000000        0x0 /opt/Freescale/KDS_v3/toolchain/bin/../lib/gcc/arm-none-eabi/4.8.4/armv7e-m/libgcc.a(_arm_fixsfsi.o)
 .bss           0x00000000        0x0 /opt/Freescale/KDS_v3/toolchain/bin/../lib/gcc/arm-none-eabi/4.8.4/armv7e-m/libgcc.a(_arm_fixsfsi.o)
 .text          0x00000000        0x0 /opt/Freescale/KDS_v3/toolchain/bin/../lib/gcc/arm-none-eabi/4.8.4/../../../../arm-none-eabi/lib/armv7e-m/libg_s.a(lib_a-errno.o)
 .data          0x00000000        0x0 /opt/Freescale/KDS_v3/toolchain/bin/../lib/gcc/arm-none-eabi/4.8.4/../../../../arm-none-eabi/lib/armv7e-m/libg_s.a(lib_a-errno.o)
 .bss           0x00000000        0x0 /opt/Freescale/KDS_v3/toolchain/bin/../lib/gcc/arm-none-eabi/4.8.4/../../../../arm-none-eabi/lib/armv7e-m/libg_s.a(lib_a-errno.o)
 .text          0x00000000        0x0 /opt/Freescale/KDS_v3/toolchain/bin/../lib/gcc/arm-none-eabi/4.8.4/../../../../arm-none-eabi/lib/armv7e-m/libg_s.a(lib_a-exit.o)
 .data          0x00000000        0x0 /opt/Freescale/KDS_v3/toolchain/bin/../lib/gcc/arm-none-eabi/4.8.4/../../../../arm-none-eabi/lib/armv7e-m/libg_s.a(lib_a-exit.o)
 .bss           0x00000000        0x0 /opt/Freescale/KDS_v3/toolchain/bin/../lib/gcc/arm-none-eabi/4.8.4/../../../../arm-none-eabi/lib/armv7e-m/libg_s.a(lib_a-exit.o)
 .text          0x00000000        0x0 /opt/Freescale/KDS_v3/toolchain/bin/../lib/gcc/arm-none-eabi/4.8.4/../../../../arm-none-eabi/lib/armv7e-m/libg_s.a(lib_a-impure.o)
 .data          0x00000000        0x0 /opt/Freescale/KDS_v3/toolchain/bin/../lib/gcc/arm-none-eabi/4.8.4/../../../../arm-none-eabi/lib/armv7e-m/libg_s.a(lib_a-impure.o)
 .bss           0x00000000        0x0 /opt/Freescale/KDS_v3/toolchain/bin/../lib/gcc/arm-none-eabi/4.8.4/../../../../arm-none-eabi/lib/armv7e-m/libg_s.a(lib_a-impure.o)
 .text          0x00000000        0x0 /opt/Freescale/KDS_v3/toolchain/bin/../lib/gcc/arm-none-eabi/4.8.4/../../../../arm-none-eabi/lib/armv7e-m/libg_s.a(lib_a-init.o)
 .data          0x00000000        0x0 /opt/Freescale/KDS_v3/toolchain/bin/../lib/gcc/arm-none-eabi/4.8.4/../../../../arm-none-eabi/lib/armv7e-m/libg_s.a(lib_a-init.o)
 .bss           0x00000000        0x0 /opt/Freescale/KDS_v3/toolchain/bin/../lib/gcc/arm-none-eabi/4.8.4/../../../../arm-none-eabi/lib/armv7e-m/libg_s.a(lib_a-init.o)
 .text          0x00000000        0x0 /opt/Freescale/KDS_v3/toolchain/bin/../lib/gcc/arm-none-eabi/4.8.4/../../../../arm-none-eabi/lib/armv7e-m/libg_s.a(lib_a-memset.o)
 .data          0x00000000        0x0 /opt/Freescale/KDS_v3/toolchain/bin/../lib/gcc/arm-none-eabi/4.8.4/../../../../arm-none-eabi/lib/armv7e-m/libg_s.a(lib_a-memset.o)
 .bss           0x00000000        0x0 /opt/Freescale/KDS_v3/toolchain/bin/../lib/gcc/arm-none-eabi/4.8.4/../../../../arm-none-eabi/lib/armv7e-m/libg_s.a(lib_a-memset.o)
 .text          0x00000000        0x0 /opt/Freescale/KDS_v3/toolchain/bin/../lib/gcc/arm-none-eabi/4.8.4/../../../../arm-none-eabi/lib/armv7e-m/libnosys.a(_exit.o)
 .data          0x00000000        0x0 /opt/Freescale/KDS_v3/toolchain/bin/../lib/gcc/arm-none-eabi/4.8.4/../../../../arm-none-eabi/lib/armv7e-m/libnosys.a(_exit.o)
 .bss           0x00000000        0x0 /opt/Freescale/KDS_v3/toolchain/bin/../lib/gcc/arm-none-eabi/4.8.4/../../../../arm-none-eabi/lib/armv7e-m/libnosys.a(_exit.o)
 .text          0x00000000        0x0 /opt/Freescale/KDS_v3/toolchain/bin/../lib/gcc/arm-none-eabi/4.8.4/armv7e-m/crtend.o
 .data          0x00000000        0x0 /opt/Freescale/KDS_v3/toolchain/bin/../lib/gcc/arm-none-eabi/4.8.4/armv7e-m/crtend.o
 .bss           0x00000000        0x0 /opt/Freescale/KDS_v3/toolchain/bin/../lib/gcc/arm-none-eabi/4.8.4/armv7e-m/crtend.o
 .eh_frame      0x00000000        0x4 /opt/Freescale/KDS_v3/toolchain/bin/../lib/gcc/arm-none-eabi/4.8.4/armv7e-m/crtend.o
 .text          0x00000000        0x0 /opt/Freescale/KDS_v3/toolchain/bin/../lib/gcc/arm-none-eabi/4.8.4/armv7e-m/crtn.o
 .data          0x00000000        0x0 /opt/Freescale/KDS_v3/toolchain/bin/../lib/gcc/arm-none-eabi/4.8.4/armv7e-m/crtn.o
 .bss           0x00000000        0x0 /opt/Freescale/KDS_v3/toolchain/bin/../lib/gcc/arm-none-eabi/4.8.4/armv7e-m/crtn.o

Memory Configuration

Name             Origin             Length             Attributes
m_interrupts     0x00000000         0x00000400         xr
m_flash_config   0x00000400         0x00000010         xr
m_text           0x00000410         0x0007fbf0         xr
m_data           0x1fff0000         0x00010000         rw
m_data_2         0x20000000         0x00010000         rw
*default*        0x00000000         0xffffffff

Linker script and memory map

LOAD /opt/Freescale/KDS_v3/toolchain/bin/../lib/gcc/arm-none-eabi/4.8.4/armv7e-m/crti.o
LOAD /opt/Freescale/KDS_v3/toolchain/bin/../lib/gcc/arm-none-eabi/4.8.4/armv7e-m/crtbegin.o
LOAD /opt/Freescale/KDS_v3/toolchain/bin/../lib/gcc/arm-none-eabi/4.8.4/../../../../arm-none-eabi/lib/armv7e-m/crt0.o
LOAD ./Sources/main.o
LOAD ./Project_Settings/Startup_Code/startup_MK60D10.o
LOAD ./Project_Settings/Startup_Code/system_MK60D10.o
LOAD /opt/Freescale/KDS_v3/toolchain/bin/../lib/gcc/arm-none-eabi/4.8.4/../../../../arm-none-eabi/lib/armv7e-m/libstdc++_s.a
LOAD /opt/Freescale/KDS_v3/toolchain/bin/../lib/gcc/arm-none-eabi/4.8.4/../../../../arm-none-eabi/lib/armv7e-m/libm.a
START GROUP
LOAD /opt/Freescale/KDS_v3/toolchain/bin/../lib/gcc/arm-none-eabi/4.8.4/armv7e-m/libgcc.a
LOAD /opt/Freescale/KDS_v3/toolchain/bin/../lib/gcc/arm-none-eabi/4.8.4/../../../../arm-none-eabi/lib/armv7e-m/libg_s.a
LOAD /opt/Freescale/KDS_v3/toolchain/bin/../lib/gcc/arm-none-eabi/4.8.4/../../../../arm-none-eabi/lib/armv7e-m/libc_s.a
END GROUP
START GROUP
LOAD /opt/Freescale/KDS_v3/toolchain/bin/../lib/gcc/arm-none-eabi/4.8.4/armv7e-m/libgcc.a
LOAD /opt/Freescale/KDS_v3/toolchain/bin/../lib/gcc/arm-none-eabi/4.8.4/../../../../arm-none-eabi/lib/armv7e-m/libc_s.a
LOAD /opt/Freescale/KDS_v3/toolchain/bin/../lib/gcc/arm-none-eabi/4.8.4/../../../../arm-none-eabi/lib/armv7e-m/libnosys.a
END GROUP
START GROUP
LOAD /opt/Freescale/KDS_v3/toolchain/bin/../lib/gcc/arm-none-eabi/4.8.4/armv7e-m/libgcc.a
LOAD /opt/Freescale/KDS_v3/toolchain/bin/../lib/gcc/arm-none-eabi/4.8.4/../../../../arm-none-eabi/lib/armv7e-m/libc_s.a
LOAD /opt/Freescale/KDS_v3/toolchain/bin/../lib/gcc/arm-none-eabi/4.8.4/../../../../arm-none-eabi/lib/armv7e-m/libnosys.a
END GROUP
LOAD /opt/Freescale/KDS_v3/toolchain/bin/../lib/gcc/arm-none-eabi/4.8.4/armv7e-m/crtend.o
LOAD /opt/Freescale/KDS_v3/toolchain/bin/../lib/gcc/arm-none-eabi/4.8.4/armv7e-m/crtn.o
                0x00000400                HEAP_SIZE = DEFINED (__heap_size__)?__heap_size__:0x400
                0x00000400                STACK_SIZE = DEFINED (__stack_size__)?__stack_size__:0x400

.interrupts     0x00000000      0x400
                0x00000000                __VECTOR_TABLE = .
                0x00000000                . = ALIGN (0x4)
 *(.isr_vector)
 .isr_vector    0x00000000      0x400 ./Project_Settings/Startup_Code/startup_MK60D10.o
                0x00000000                __isr_vector
                0x00000400                . = ALIGN (0x4)

.flash_config   0x00000400       0x10
                0x00000400                . = ALIGN (0x4)
 *(.FlashConfig)
 .FlashConfig   0x00000400       0x10 ./Project_Settings/Startup_Code/startup_MK60D10.o
                0x00000410                . = ALIGN (0x4)

.text           0x00000410     0x27b0
                0x00000410                . = ALIGN (0x4)
 *(.text)
 .text          0x00000410       0x54 /opt/Freescale/KDS_v3/toolchain/bin/../lib/gcc/arm-none-eabi/4.8.4/armv7e-m/crtbegin.o
 .text          0x00000464       0x74 /opt/Freescale/KDS_v3/toolchain/bin/../lib/gcc/arm-none-eabi/4.8.4/../../../../arm-none-eabi/lib/armv7e-m/crt0.o
                0x00000464                _mainCRTStartup
                0x00000464                _start
 .text          0x000004d8       0x30 ./Project_Settings/Startup_Code/startup_MK60D10.o
                0x000004d8                Reset_Handler
                0x00000504                CAN0_Rx_Warning_IRQHandler
                0x00000504                Reserved111_IRQHandler
                0x00000504                DebugMon_Handler
                0x00000504                I2C0_IRQHandler
                0x00000504                HardFault_Handler
                0x00000504                CAN1_ORed_Message_buffer_IRQHandler
                0x00000504                SysTick_Handler
                0x00000504                UART3_RX_TX_IRQHandler
                0x00000504                Reserved114_IRQHandler
                0x00000504                PendSV_Handler
                0x00000504                NMI_Handler
                0x00000504                UART0_RX_TX_IRQHandler
                0x00000504                I2C1_IRQHandler
                0x00000504                DMA2_IRQHandler
                0x00000504                Reserved59_IRQHandler
                0x00000504                ENET_Error_IRQHandler
                0x00000504                CAN0_Tx_Warning_IRQHandler
                0x00000504                PIT0_IRQHandler
                0x00000504                Reserved119_IRQHandler
                0x00000504                CAN0_ORed_Message_buffer_IRQHandler
                0x00000504                CMP2_IRQHandler
                0x00000504                LLWU_IRQHandler
                0x00000504                Reserved116_IRQHandler
                0x00000504                TSI0_IRQHandler
                0x00000504                ENET_Receive_IRQHandler
                0x00000504                ENET_1588_Timer_IRQHandler
                0x00000504                CAN1_Error_IRQHandler
                0x00000504                UART2_RX_TX_IRQHandler
                0x00000504                SWI_IRQHandler
                0x00000504                ADC0_IRQHandler
                0x00000504                UsageFault_Handler
                0x00000504                I2S0_Tx_IRQHandler
                0x00000504                CMT_IRQHandler
                0x00000504                UART4_RX_TX_IRQHandler
                0x00000504                SPI1_IRQHandler
                0x00000504                DefaultISR
                0x00000504                DMA9_IRQHandler
                0x00000504                DMA14_IRQHandler
                0x00000504                CMP1_IRQHandler
                0x00000504                PORTD_IRQHandler
                0x00000504                PORTB_IRQHandler
                0x00000504                UART4_ERR_IRQHandler
                0x00000504                ADC1_IRQHandler
                0x00000504                PIT2_IRQHandler
                0x00000504                I2S0_Rx_IRQHandler
                0x00000504                DMA5_IRQHandler
                0x00000504                RTC_IRQHandler
                0x00000504                PDB0_IRQHandler
                0x00000504                CAN1_Bus_Off_IRQHandler
                0x00000504                FTM1_IRQHandler
                0x00000504                UART5_RX_TX_IRQHandler
                0x00000504                Reserved95_IRQHandler
                0x00000504                UART3_ERR_IRQHandler
                0x00000504                PIT3_IRQHandler
                0x00000504                SDHC_IRQHandler
                0x00000504                RTC_Seconds_IRQHandler
                0x00000504                MCG_IRQHandler
                0x00000504                Reserved108_IRQHandler
                0x00000504                Reserved117_IRQHandler
                0x00000504                UART2_ERR_IRQHandler
                0x00000504                DMA11_IRQHandler
                0x00000504                UART5_ERR_IRQHandler
                0x00000504                Read_Collision_IRQHandler
                0x00000504                DMA7_IRQHandler
                0x00000504                Reserved102_IRQHandler
                0x00000504                ENET_Transmit_IRQHandler
                0x00000504                USBDCD_IRQHandler
                0x00000504                CAN1_Tx_Warning_IRQHandler
                0x00000504                USB0_IRQHandler
                0x00000504                SPI2_IRQHandler
                0x00000504                WDOG_EWM_IRQHandler
                0x00000504                MemManage_Handler
                0x00000504                CAN1_Rx_Warning_IRQHandler
                0x00000504                Reserved115_IRQHandler
                0x00000504                SVC_Handler
                0x00000504                CAN1_Wake_Up_IRQHandler
                0x00000504                Reserved109_IRQHandler
                0x00000504                DMA13_IRQHandler
                0x00000504                DMA3_IRQHandler
                0x00000504                UART0_LON_IRQHandler
                0x00000504                RNG_IRQHandler
                0x00000504                DMA0_IRQHandler
                0x00000504                DMA15_IRQHandler
                0x00000504                DAC0_IRQHandler
                0x00000504                Reserved118_IRQHandler
                0x00000504                CAN0_Error_IRQHandler
                0x00000504                Reserved112_IRQHandler
                0x00000504                DMA4_IRQHandler
                0x00000504                PIT1_IRQHandler
                0x00000504                UART0_ERR_IRQHandler
                0x00000504                DMA_Error_IRQHandler
                0x00000504                LVD_LVW_IRQHandler
                0x00000504                SPI0_IRQHandler
                0x00000504                FTM0_IRQHandler
                0x00000504                PORTA_IRQHandler
                0x00000504                DAC1_IRQHandler
                0x00000504                MCM_IRQHandler
                0x00000504                DMA12_IRQHandler
                0x00000504                FTFL_IRQHandler
                0x00000504                CAN0_Bus_Off_IRQHandler
                0x00000504                PORTE_IRQHandler
                0x00000504                FTM2_IRQHandler
                0x00000504                BusFault_Handler
                0x00000504                DMA8_IRQHandler
                0x00000504                DMA10_IRQHandler
                0x00000504                CAN0_Wake_Up_IRQHandler
                0x00000504                UART1_ERR_IRQHandler
                0x00000504                UART1_RX_TX_IRQHandler
                0x00000504                CMP0_IRQHandler
                0x00000504                PORTC_IRQHandler
                0x00000504                DMA6_IRQHandler
                0x00000504                DMA1_IRQHandler
                0x00000504                Reserved113_IRQHandler
 .text          0x00000508      0x370 /opt/Freescale/KDS_v3/toolchain/bin/../lib/gcc/arm-none-eabi/4.8.4/armv7e-m/libgcc.a(_arm_addsubdf3.o)
                0x00000508                __aeabi_drsub
                0x00000510                __aeabi_dsub
                0x00000510                __subdf3
                0x00000514                __adddf3
                0x00000514                __aeabi_dadd
                0x0000078c                __aeabi_ui2d
                0x0000078c                __floatunsidf
                0x000007ac                __floatsidf
                0x000007ac                __aeabi_i2d
                0x000007d0                __extendsfdf2
                0x000007d0                __aeabi_f2d
                0x0000080c                __aeabi_ul2d
                0x0000080c                __floatundidf
                0x0000081c                __floatdidf
                0x0000081c                __aeabi_l2d
 .text          0x00000878      0x424 /opt/Freescale/KDS_v3/toolchain/bin/../lib/gcc/arm-none-eabi/4.8.4/armv7e-m/libgcc.a(_arm_muldivdf3.o)
                0x00000878                __aeabi_dmul
                0x00000878                __muldf3
                0x00000acc                __aeabi_ddiv
                0x00000acc                __divdf3
 .text          0x00000c9c      0x110 /opt/Freescale/KDS_v3/toolchain/bin/../lib/gcc/arm-none-eabi/4.8.4/armv7e-m/libgcc.a(_arm_cmpdf2.o)
                0x00000c9c                __gtdf2
                0x00000c9c                __gedf2
                0x00000ca4                __ltdf2
                0x00000ca4                __ledf2
                0x00000cac                __cmpdf2
                0x00000cac                __eqdf2
                0x00000cac                __nedf2
                0x00000d28                __aeabi_cdrcmple
                0x00000d38                __aeabi_cdcmple
                0x00000d38                __aeabi_cdcmpeq
                0x00000d48                __aeabi_dcmpeq
                0x00000d5c                __aeabi_dcmplt
                0x00000d70                __aeabi_dcmple
                0x00000d84                __aeabi_dcmpge
                0x00000d98                __aeabi_dcmpgt
 .text          0x00000dac       0x50 /opt/Freescale/KDS_v3/toolchain/bin/../lib/gcc/arm-none-eabi/4.8.4/armv7e-m/libgcc.a(_arm_fixdfsi.o)
                0x00000dac                __fixdfsi
                0x00000dac                __aeabi_d2iz
 .text          0x00000dfc       0xa0 /opt/Freescale/KDS_v3/toolchain/bin/../lib/gcc/arm-none-eabi/4.8.4/armv7e-m/libgcc.a(_arm_truncdfsf2.o)
                0x00000dfc                __aeabi_d2f
                0x00000dfc                __truncdfsf2
 .text          0x00000e9c      0x2a0 /opt/Freescale/KDS_v3/toolchain/bin/../lib/gcc/arm-none-eabi/4.8.4/armv7e-m/libgcc.a(_arm_muldivsf3.o)
                0x00000e9c                __mulsf3
                0x00000e9c                __aeabi_fmul
                0x00001004                __divsf3
                0x00001004                __aeabi_fdiv
 .text          0x0000113c       0x4c /opt/Freescale/KDS_v3/toolchain/bin/../lib/gcc/arm-none-eabi/4.8.4/armv7e-m/libgcc.a(_arm_fixsfsi.o)
                0x0000113c                __fixsfsi
                0x0000113c                __aeabi_f2iz
 *(.text*)
 .text.NVIC_EnableIRQ
                0x00001188       0x30 ./Sources/main.o
 .text.MCUInit  0x000011b8       0x4c ./Sources/main.o
                0x000011b8                MCUInit
 .text.PortsInit
                0x00001204       0xd0 ./Sources/main.o
                0x00001204                PortsInit
 .text.LPTMR0Init
                0x000012d4       0x4c ./Sources/main.o
                0x000012d4                LPTMR0Init
 .text.LPTMR0_IRQHandler
                0x00001320       0x28 ./Sources/main.o
                0x00001320                LPTMR0_IRQHandler
 .text.btn_pressed
                0x00001348       0x2c ./Sources/main.o
                0x00001348                btn_pressed
 .text.wait     0x00001374       0x40 ./Sources/main.o
                0x00001374                wait
 .text.get_digit
                0x000013b4       0xd4 ./Sources/main.o
                0x000013b4                get_digit
 .text.display_column_toggle
                0x00001488       0x70 ./Sources/main.o
                0x00001488                display_column_toggle
 .text.display_digit
                0x000014f8      0x1ac ./Sources/main.o
                0x000014f8                display_digit
 .text.disp_draw_number
                0x000016a4       0xdc ./Sources/main.o
                0x000016a4                disp_draw_number
 .text.sonar_trigger
                0x00001780       0x30 ./Sources/main.o
                0x00001780                sonar_trigger
 .text.sonar_read_echo
                0x000017b0       0x8c ./Sources/main.o
                0x000017b0                sonar_read_echo
 .text.main     0x0000183c       0xac ./Sources/main.o
                0x0000183c                main
 .text.SystemInit
                0x000018e8       0x28 ./Project_Settings/Startup_Code/system_MK60D10.o
                0x000018e8                SystemInit
 .text.pow      0x00001910      0x2f8 /opt/Freescale/KDS_v3/toolchain/bin/../lib/gcc/arm-none-eabi/4.8.4/../../../../arm-none-eabi/lib/armv7e-m/libm.a(lib_a-w_pow.o)
                0x00001910                pow
 .text.__ieee754_pow
                0x00001c08      0xa78 /opt/Freescale/KDS_v3/toolchain/bin/../lib/gcc/arm-none-eabi/4.8.4/../../../../arm-none-eabi/lib/armv7e-m/libm.a(lib_a-e_pow.o)
                0x00001c08                __ieee754_pow
 .text.__ieee754_sqrt
                0x00002680      0x180 /opt/Freescale/KDS_v3/toolchain/bin/../lib/gcc/arm-none-eabi/4.8.4/../../../../arm-none-eabi/lib/armv7e-m/libm.a(lib_a-e_sqrt.o)
                0x00002680                __ieee754_sqrt
 .text.fabs     0x00002800        0x8 /opt/Freescale/KDS_v3/toolchain/bin/../lib/gcc/arm-none-eabi/4.8.4/../../../../arm-none-eabi/lib/armv7e-m/libm.a(lib_a-s_fabs.o)
                0x00002800                fabs
 .text.finite   0x00002808        0xc /opt/Freescale/KDS_v3/toolchain/bin/../lib/gcc/arm-none-eabi/4.8.4/../../../../arm-none-eabi/lib/armv7e-m/libm.a(lib_a-s_finite.o)
                0x00002808                finite
 .text.__fpclassifyd
                0x00002814       0x50 /opt/Freescale/KDS_v3/toolchain/bin/../lib/gcc/arm-none-eabi/4.8.4/../../../../arm-none-eabi/lib/armv7e-m/libm.a(lib_a-s_fpclassify.o)
                0x00002814                __fpclassifyd
 .text.matherr  0x00002864        0x4 /opt/Freescale/KDS_v3/toolchain/bin/../lib/gcc/arm-none-eabi/4.8.4/../../../../arm-none-eabi/lib/armv7e-m/libm.a(lib_a-s_matherr.o)
                0x00002864                matherr
 .text.nan      0x00002868        0xc /opt/Freescale/KDS_v3/toolchain/bin/../lib/gcc/arm-none-eabi/4.8.4/../../../../arm-none-eabi/lib/armv7e-m/libm.a(lib_a-s_nan.o)
                0x00002868                nan
 .text.rint     0x00002874      0x118 /opt/Freescale/KDS_v3/toolchain/bin/../lib/gcc/arm-none-eabi/4.8.4/../../../../arm-none-eabi/lib/armv7e-m/libm.a(lib_a-s_rint.o)
                0x00002874                rint
 *fill*         0x0000298c        0x4 
 .text.scalbn   0x00002990      0x118 /opt/Freescale/KDS_v3/toolchain/bin/../lib/gcc/arm-none-eabi/4.8.4/../../../../arm-none-eabi/lib/armv7e-m/libm.a(lib_a-s_scalbn.o)
                0x00002990                scalbn
 .text.copysign
                0x00002aa8       0x14 /opt/Freescale/KDS_v3/toolchain/bin/../lib/gcc/arm-none-eabi/4.8.4/../../../../arm-none-eabi/lib/armv7e-m/libm.a(lib_a-s_copysign.o)
                0x00002aa8                copysign
 .text.__errno  0x00002abc        0xc /opt/Freescale/KDS_v3/toolchain/bin/../lib/gcc/arm-none-eabi/4.8.4/../../../../arm-none-eabi/lib/armv7e-m/libg_s.a(lib_a-errno.o)
                0x00002abc                __errno
 .text.exit     0x00002ac8       0x28 /opt/Freescale/KDS_v3/toolchain/bin/../lib/gcc/arm-none-eabi/4.8.4/../../../../arm-none-eabi/lib/armv7e-m/libg_s.a(lib_a-exit.o)
                0x00002ac8                exit
 .text.__libc_init_array
                0x00002af0       0x4c /opt/Freescale/KDS_v3/toolchain/bin/../lib/gcc/arm-none-eabi/4.8.4/../../../../arm-none-eabi/lib/armv7e-m/libg_s.a(lib_a-init.o)
                0x00002af0                __libc_init_array
 .text.memset   0x00002b3c       0x10 /opt/Freescale/KDS_v3/toolchain/bin/../lib/gcc/arm-none-eabi/4.8.4/../../../../arm-none-eabi/lib/armv7e-m/libg_s.a(lib_a-memset.o)
                0x00002b3c                memset
 .text._exit    0x00002b4c        0x4 /opt/Freescale/KDS_v3/toolchain/bin/../lib/gcc/arm-none-eabi/4.8.4/../../../../arm-none-eabi/lib/armv7e-m/libnosys.a(_exit.o)
                0x00002b4c                _exit
 *(.rodata)
 *(.rodata*)
 .rodata.str1.4
                0x00002b50        0x4 /opt/Freescale/KDS_v3/toolchain/bin/../lib/gcc/arm-none-eabi/4.8.4/../../../../arm-none-eabi/lib/armv7e-m/libm.a(lib_a-w_pow.o)
 *fill*         0x00002b54        0x4 
 .rodata.dp_h   0x00002b58       0x10 /opt/Freescale/KDS_v3/toolchain/bin/../lib/gcc/arm-none-eabi/4.8.4/../../../../arm-none-eabi/lib/armv7e-m/libm.a(lib_a-e_pow.o)
 .rodata.dp_l   0x00002b68       0x10 /opt/Freescale/KDS_v3/toolchain/bin/../lib/gcc/arm-none-eabi/4.8.4/../../../../arm-none-eabi/lib/armv7e-m/libm.a(lib_a-e_pow.o)
 .rodata.bp     0x00002b78       0x10 /opt/Freescale/KDS_v3/toolchain/bin/../lib/gcc/arm-none-eabi/4.8.4/../../../../arm-none-eabi/lib/armv7e-m/libm.a(lib_a-e_pow.o)
 .rodata.str1.4
                0x00002b88        0x4 /opt/Freescale/KDS_v3/toolchain/bin/../lib/gcc/arm-none-eabi/4.8.4/../../../../arm-none-eabi/lib/armv7e-m/libm.a(lib_a-e_pow.o)
 *fill*         0x00002b8c        0x4 
 .rodata.TWO52  0x00002b90       0x10 /opt/Freescale/KDS_v3/toolchain/bin/../lib/gcc/arm-none-eabi/4.8.4/../../../../arm-none-eabi/lib/armv7e-m/libm.a(lib_a-s_rint.o)
 .rodata.str1.1
                0x00002ba0        0x2 /opt/Freescale/KDS_v3/toolchain/bin/../lib/gcc/arm-none-eabi/4.8.4/../../../../arm-none-eabi/lib/armv7e-m/libg_s.a(lib_a-impure.o)
 *fill*         0x00002ba2        0x2 
 .rodata._global_impure_ptr
                0x00002ba4        0x4 /opt/Freescale/KDS_v3/toolchain/bin/../lib/gcc/arm-none-eabi/4.8.4/../../../../arm-none-eabi/lib/armv7e-m/libg_s.a(lib_a-impure.o)
                0x00002ba4                _global_impure_ptr
 *(.glue_7)
 .glue_7        0x00000000        0x0 linker stubs
 *(.glue_7t)
 .glue_7t       0x00000000        0x0 linker stubs
 *(.eh_frame)
 .eh_frame      0x00002ba8        0x0 /opt/Freescale/KDS_v3/toolchain/bin/../lib/gcc/arm-none-eabi/4.8.4/armv7e-m/crtbegin.o
 *(.init)
 .init          0x00002ba8        0x4 /opt/Freescale/KDS_v3/toolchain/bin/../lib/gcc/arm-none-eabi/4.8.4/armv7e-m/crti.o
                0x00002ba8                _init
 .init          0x00002bac        0x8 /opt/Freescale/KDS_v3/toolchain/bin/../lib/gcc/arm-none-eabi/4.8.4/armv7e-m/crtn.o
 *(.fini)
 .fini          0x00002bb4        0x4 /opt/Freescale/KDS_v3/toolchain/bin/../lib/gcc/arm-none-eabi/4.8.4/armv7e-m/crti.o
                0x00002bb4                _fini
 .fini          0x00002bb8        0x8 /opt/Freescale/KDS_v3/toolchain/bin/../lib/gcc/arm-none-eabi/4.8.4/armv7e-m/crtn.o
                0x00002bc0                . = ALIGN (0x4)

.vfp11_veneer   0x00002bc0        0x0
 .vfp11_veneer  0x00000000        0x0 linker stubs

.v4_bx          0x00002bc0        0x0
 .v4_bx         0x00000000        0x0 linker stubs

.iplt           0x00002bc0        0x0
 .iplt          0x00000000        0x0 /opt/Freescale/KDS_v3/toolchain/bin/../lib/gcc/arm-none-eabi/4.8.4/armv7e-m/crtbegin.o

.ARM.extab
 *(.ARM.extab* .gnu.linkonce.armextab.*)

.ARM            0x00002bc0        0x8
                0x00002bc0                __exidx_start = .
 *(.ARM.exidx*)
 .ARM.exidx     0x00002bc0        0x8 /opt/Freescale/KDS_v3/toolchain/bin/../lib/gcc/arm-none-eabi/4.8.4/../../../../arm-none-eabi/lib/armv7e-m/crt0.o
                0x00002bc8                __exidx_end = .

.rel.dyn        0x00002bc8        0x0
 .rel.iplt      0x00000000        0x0 /opt/Freescale/KDS_v3/toolchain/bin/../lib/gcc/arm-none-eabi/4.8.4/armv7e-m/crtbegin.o

.ctors          0x00002bc8        0x0
                0x00002bc8                __CTOR_LIST__ = .
 *crtbegin.o(.ctors)
 *crtbegin?.o(.ctors)
 *(EXCLUDE_FILE(*crtend.o *crtend?.o) .ctors)
 *(SORT(.ctors.*))
 *(.ctors)
                0x00002bc8                __CTOR_END__ = .

.dtors          0x00002bc8        0x0
                0x00002bc8                __DTOR_LIST__ = .
 *crtbegin.o(.dtors)
 *crtbegin?.o(.dtors)
 *(EXCLUDE_FILE(*crtend.o *crtend?.o) .dtors)
 *(SORT(.dtors.*))
 *(.dtors)
                0x00002bc8                __DTOR_END__ = .

.preinit_array  0x00002bc8        0x0
                0x00002bc8                PROVIDE (__preinit_array_start, .)
 *(.preinit_array*)
                0x00002bc8                PROVIDE (__preinit_array_end, .)

.init_array     0x00002bc8        0x4
                0x00002bc8                PROVIDE (__init_array_start, .)
 *(SORT(.init_array.*))
 *(.init_array*)
 .init_array    0x00002bc8        0x4 /opt/Freescale/KDS_v3/toolchain/bin/../lib/gcc/arm-none-eabi/4.8.4/armv7e-m/crtbegin.o
                0x00002bcc                PROVIDE (__init_array_end, .)

.fini_array     0x00002bcc        0x4
                0x00002bcc                PROVIDE (__fini_array_start, .)
 *(SORT(.fini_array.*))
 *(.fini_array*)
 .fini_array    0x00002bcc        0x4 /opt/Freescale/KDS_v3/toolchain/bin/../lib/gcc/arm-none-eabi/4.8.4/armv7e-m/crtbegin.o
                0x00002bd0                PROVIDE (__fini_array_end, .)
                0x00002bd0                __etext = .
                0x00002bd0                __DATA_ROM = .

.data           0x1fff0000       0x6c load address 0x00002bd0
                0x1fff0000                . = ALIGN (0x4)
                0x1fff0000                __DATA_RAM = .
                0x1fff0000                __data_start__ = .
 *(.data)
 *(.data*)
 .data.__fdlib_version
                0x1fff0000        0x1 /opt/Freescale/KDS_v3/toolchain/bin/../lib/gcc/arm-none-eabi/4.8.4/../../../../arm-none-eabi/lib/armv7e-m/libm.a(lib_a-s_lib_ver.o)
                0x1fff0000                __fdlib_version
 *fill*         0x1fff0001        0x3 
 .data.impure_data
                0x1fff0004       0x60 /opt/Freescale/KDS_v3/toolchain/bin/../lib/gcc/arm-none-eabi/4.8.4/../../../../arm-none-eabi/lib/armv7e-m/libg_s.a(lib_a-impure.o)
 .data._impure_ptr
                0x1fff0064        0x4 /opt/Freescale/KDS_v3/toolchain/bin/../lib/gcc/arm-none-eabi/4.8.4/../../../../arm-none-eabi/lib/armv7e-m/libg_s.a(lib_a-impure.o)
                0x1fff0064                _impure_ptr
 *(.jcr*)
 .jcr           0x1fff0068        0x0 /opt/Freescale/KDS_v3/toolchain/bin/../lib/gcc/arm-none-eabi/4.8.4/armv7e-m/crtbegin.o
 .jcr           0x1fff0068        0x4 /opt/Freescale/KDS_v3/toolchain/bin/../lib/gcc/arm-none-eabi/4.8.4/armv7e-m/crtend.o
                0x1fff006c                . = ALIGN (0x4)
                0x1fff006c                __data_end__ = .
                0x00002c3c                __DATA_END = (__DATA_ROM + (__data_end__ - __data_start__))

.igot.plt       0x1fff006c        0x0 load address 0x00002c3c
 .igot.plt      0x00000000        0x0 /opt/Freescale/KDS_v3/toolchain/bin/../lib/gcc/arm-none-eabi/4.8.4/armv7e-m/crtbegin.o

.bss            0x1fff006c       0x20 load address 0x00002c3c
                0x1fff006c                . = ALIGN (0x4)
                0x1fff006c                __START_BSS = .
                0x1fff006c                __bss_start__ = .
 *(.bss)
 .bss           0x1fff006c       0x1c /opt/Freescale/KDS_v3/toolchain/bin/../lib/gcc/arm-none-eabi/4.8.4/armv7e-m/crtbegin.o
 *(.bss*)
 .bss.timeout_flag
                0x1fff0088        0x4 ./Sources/main.o
                0x1fff0088                timeout_flag
 *(COMMON)
                0x1fff008c                . = ALIGN (0x4)
                0x1fff008c                __bss_end__ = .
                0x1fff008c                __END_BSS = .

.heap           0x20000000      0x400
                0x20000000                . = ALIGN (0x8)
                0x20000000                __end__ = .
                0x20000000                PROVIDE (end, .)
                0x20000000                __HeapBase = .
                0x20000400                . = (. + HEAP_SIZE)
 *fill*         0x20000000      0x400 
                0x20000400                __HeapLimit = .

.stack          0x20000400      0x400
                0x20000400                . = ALIGN (0x8)
                0x20000800                . = (. + STACK_SIZE)
 *fill*         0x20000400      0x400 
                0x20010000                __StackTop = (ORIGIN (m_data_2) + 0x10000)
                0x2000fc00                __StackLimit = (__StackTop - STACK_SIZE)
                0x20010000                PROVIDE (__stack, __StackTop)

.ARM.attributes
                0x00000000       0x2a
 *(.ARM.attributes)
 .ARM.attributes
                0x00000000       0x1e /opt/Freescale/KDS_v3/toolchain/bin/../lib/gcc/arm-none-eabi/4.8.4/armv7e-m/crti.o
 .ARM.attributes
                0x0000001e       0x2e /opt/Freescale/KDS_v3/toolchain/bin/../lib/gcc/arm-none-eabi/4.8.4/armv7e-m/crtbegin.o
 .ARM.attributes
                0x0000004c       0x1c /opt/Freescale/KDS_v3/toolchain/bin/../lib/gcc/arm-none-eabi/4.8.4/../../../../arm-none-eabi/lib/armv7e-m/crt0.o
 .ARM.attributes
                0x00000068       0x33 ./Sources/main.o
 .ARM.attributes
                0x0000009b       0x1b ./Project_Settings/Startup_Code/startup_MK60D10.o
 .ARM.attributes
                0x000000b6       0x33 ./Project_Settings/Startup_Code/system_MK60D10.o
 .ARM.attributes
                0x000000e9       0x2e /opt/Freescale/KDS_v3/toolchain/bin/../lib/gcc/arm-none-eabi/4.8.4/../../../../arm-none-eabi/lib/armv7e-m/libm.a(lib_a-w_pow.o)
 .ARM.attributes
                0x00000117       0x2e /opt/Freescale/KDS_v3/toolchain/bin/../lib/gcc/arm-none-eabi/4.8.4/../../../../arm-none-eabi/lib/armv7e-m/libm.a(lib_a-e_pow.o)
 .ARM.attributes
                0x00000145       0x2e /opt/Freescale/KDS_v3/toolchain/bin/../lib/gcc/arm-none-eabi/4.8.4/../../../../arm-none-eabi/lib/armv7e-m/libm.a(lib_a-e_sqrt.o)
 .ARM.attributes
                0x00000173       0x2e /opt/Freescale/KDS_v3/toolchain/bin/../lib/gcc/arm-none-eabi/4.8.4/../../../../arm-none-eabi/lib/armv7e-m/libm.a(lib_a-s_fabs.o)
 .ARM.attributes
                0x000001a1       0x2e /opt/Freescale/KDS_v3/toolchain/bin/../lib/gcc/arm-none-eabi/4.8.4/../../../../arm-none-eabi/lib/armv7e-m/libm.a(lib_a-s_finite.o)
 .ARM.attributes
                0x000001cf       0x2e /opt/Freescale/KDS_v3/toolchain/bin/../lib/gcc/arm-none-eabi/4.8.4/../../../../arm-none-eabi/lib/armv7e-m/libm.a(lib_a-s_fpclassify.o)
 .ARM.attributes
                0x000001fd       0x2e /opt/Freescale/KDS_v3/toolchain/bin/../lib/gcc/arm-none-eabi/4.8.4/../../../../arm-none-eabi/lib/armv7e-m/libm.a(lib_a-s_lib_ver.o)
 .ARM.attributes
                0x0000022b       0x2e /opt/Freescale/KDS_v3/toolchain/bin/../lib/gcc/arm-none-eabi/4.8.4/../../../../arm-none-eabi/lib/armv7e-m/libm.a(lib_a-s_matherr.o)
 .ARM.attributes
                0x00000259       0x2e /opt/Freescale/KDS_v3/toolchain/bin/../lib/gcc/arm-none-eabi/4.8.4/../../../../arm-none-eabi/lib/armv7e-m/libm.a(lib_a-s_nan.o)
 .ARM.attributes
                0x00000287       0x2e /opt/Freescale/KDS_v3/toolchain/bin/../lib/gcc/arm-none-eabi/4.8.4/../../../../arm-none-eabi/lib/armv7e-m/libm.a(lib_a-s_rint.o)
 .ARM.attributes
                0x000002b5       0x2e /opt/Freescale/KDS_v3/toolchain/bin/../lib/gcc/arm-none-eabi/4.8.4/../../../../arm-none-eabi/lib/armv7e-m/libm.a(lib_a-s_scalbn.o)
 .ARM.attributes
                0x000002e3       0x2e /opt/Freescale/KDS_v3/toolchain/bin/../lib/gcc/arm-none-eabi/4.8.4/../../../../arm-none-eabi/lib/armv7e-m/libm.a(lib_a-s_copysign.o)
 .ARM.attributes
                0x00000311       0x1e /opt/Freescale/KDS_v3/toolchain/bin/../lib/gcc/arm-none-eabi/4.8.4/armv7e-m/libgcc.a(_arm_addsubdf3.o)
 .ARM.attributes
                0x0000032f       0x1e /opt/Freescale/KDS_v3/toolchain/bin/../lib/gcc/arm-none-eabi/4.8.4/armv7e-m/libgcc.a(_arm_muldivdf3.o)
 .ARM.attributes
                0x0000034d       0x1e /opt/Freescale/KDS_v3/toolchain/bin/../lib/gcc/arm-none-eabi/4.8.4/armv7e-m/libgcc.a(_arm_cmpdf2.o)
 .ARM.attributes
                0x0000036b       0x1e /opt/Freescale/KDS_v3/toolchain/bin/../lib/gcc/arm-none-eabi/4.8.4/armv7e-m/libgcc.a(_arm_fixdfsi.o)
 .ARM.attributes
                0x00000389       0x1e /opt/Freescale/KDS_v3/toolchain/bin/../lib/gcc/arm-none-eabi/4.8.4/armv7e-m/libgcc.a(_arm_truncdfsf2.o)
 .ARM.attributes
                0x000003a7       0x1e /opt/Freescale/KDS_v3/toolchain/bin/../lib/gcc/arm-none-eabi/4.8.4/armv7e-m/libgcc.a(_arm_muldivsf3.o)
 .ARM.attributes
                0x000003c5       0x1e /opt/Freescale/KDS_v3/toolchain/bin/../lib/gcc/arm-none-eabi/4.8.4/armv7e-m/libgcc.a(_arm_fixsfsi.o)
 .ARM.attributes
                0x000003e3       0x2e /opt/Freescale/KDS_v3/toolchain/bin/../lib/gcc/arm-none-eabi/4.8.4/../../../../arm-none-eabi/lib/armv7e-m/libg_s.a(lib_a-errno.o)
 .ARM.attributes
                0x00000411       0x2e /opt/Freescale/KDS_v3/toolchain/bin/../lib/gcc/arm-none-eabi/4.8.4/../../../../arm-none-eabi/lib/armv7e-m/libg_s.a(lib_a-exit.o)
 .ARM.attributes
                0x0000043f       0x2e /opt/Freescale/KDS_v3/toolchain/bin/../lib/gcc/arm-none-eabi/4.8.4/../../../../arm-none-eabi/lib/armv7e-m/libg_s.a(lib_a-impure.o)
 .ARM.attributes
                0x0000046d       0x2e /opt/Freescale/KDS_v3/toolchain/bin/../lib/gcc/arm-none-eabi/4.8.4/../../../../arm-none-eabi/lib/armv7e-m/libg_s.a(lib_a-init.o)
 .ARM.attributes
                0x0000049b       0x2e /opt/Freescale/KDS_v3/toolchain/bin/../lib/gcc/arm-none-eabi/4.8.4/../../../../arm-none-eabi/lib/armv7e-m/libg_s.a(lib_a-memset.o)
 .ARM.attributes
                0x000004c9       0x2e /opt/Freescale/KDS_v3/toolchain/bin/../lib/gcc/arm-none-eabi/4.8.4/../../../../arm-none-eabi/lib/armv7e-m/libnosys.a(_exit.o)
 .ARM.attributes
                0x000004f7       0x2e /opt/Freescale/KDS_v3/toolchain/bin/../lib/gcc/arm-none-eabi/4.8.4/armv7e-m/crtend.o
 .ARM.attributes
                0x00000525       0x1e /opt/Freescale/KDS_v3/toolchain/bin/../lib/gcc/arm-none-eabi/4.8.4/armv7e-m/crtn.o
                0x00000001                ASSERT ((__StackLimit >= __HeapLimit), region m_data_2 overflowed with stack and heap)
OUTPUT(IMP.elf elf32-littlearm)

.debug_info     0x00000000     0x11b7
 .debug_info    0x00000000      0xca6 ./Sources/main.o
 .debug_info    0x00000ca6       0x74 ./Project_Settings/Startup_Code/startup_MK60D10.o
 .debug_info    0x00000d1a      0x49d ./Project_Settings/Startup_Code/system_MK60D10.o

.debug_abbrev   0x00000000      0x3b8
 .debug_abbrev  0x00000000      0x28a ./Sources/main.o
 .debug_abbrev  0x0000028a       0x14 ./Project_Settings/Startup_Code/startup_MK60D10.o
 .debug_abbrev  0x0000029e      0x11a ./Project_Settings/Startup_Code/system_MK60D10.o

.debug_aranges  0x00000000       0xd0
 .debug_aranges
                0x00000000       0x88 ./Sources/main.o
 .debug_aranges
                0x00000088       0x20 ./Project_Settings/Startup_Code/startup_MK60D10.o
 .debug_aranges
                0x000000a8       0x28 ./Project_Settings/Startup_Code/system_MK60D10.o

.debug_ranges   0x00000000       0x90
 .debug_ranges  0x00000000       0x78 ./Sources/main.o
 .debug_ranges  0x00000078       0x18 ./Project_Settings/Startup_Code/system_MK60D10.o

.debug_macro    0x00000000    0x19cf1
 .debug_macro   0x00000000      0x1ae ./Sources/main.o
 .debug_macro   0x000001ae      0x84a ./Sources/main.o
 .debug_macro   0x000009f8       0x16 ./Sources/main.o
 .debug_macro   0x00000a0e       0x16 ./Sources/main.o
 .debug_macro   0x00000a24       0x44 ./Sources/main.o
 .debug_macro   0x00000a68      0x209 ./Sources/main.o
 .debug_macro   0x00000c71       0x53 ./Sources/main.o
 .debug_macro   0x00000cc4       0x3b ./Sources/main.o
 .debug_macro   0x00000cff       0x34 ./Sources/main.o
 .debug_macro   0x00000d33       0x26 ./Sources/main.o
 .debug_macro   0x00000d59      0xba3 ./Sources/main.o
 .debug_macro   0x000018fc       0x71 ./Sources/main.o
 .debug_macro   0x0000196d    0x17cf8 ./Sources/main.o
 .debug_macro   0x00019665       0x58 ./Sources/main.o
 .debug_macro   0x000196bd       0x35 ./Sources/main.o
 .debug_macro   0x000196f2       0xa3 ./Sources/main.o
 .debug_macro   0x00019795      0x166 ./Sources/main.o
 .debug_macro   0x000198fb       0x52 ./Sources/main.o
 .debug_macro   0x0001994d       0x16 ./Sources/main.o
 .debug_macro   0x00019963       0x43 ./Sources/main.o
 .debug_macro   0x000199a6      0x180 ./Sources/main.o
 .debug_macro   0x00019b26       0xde ./Sources/main.o
 .debug_macro   0x00019c04       0x88 ./Project_Settings/Startup_Code/system_MK60D10.o
 .debug_macro   0x00019c8c       0x65 ./Project_Settings/Startup_Code/system_MK60D10.o

.debug_line     0x00000000      0x71c
 .debug_line    0x00000000      0x445 ./Sources/main.o
 .debug_line    0x00000445       0x78 ./Project_Settings/Startup_Code/startup_MK60D10.o
 .debug_line    0x000004bd      0x25f ./Project_Settings/Startup_Code/system_MK60D10.o

.debug_str      0x00000000    0x92815
 .debug_str     0x00000000    0x9279e ./Sources/main.o
                              0x929ef (size before relaxing)
 .debug_str     0x0009279e       0x77 ./Project_Settings/Startup_Code/system_MK60D10.o
                              0x90461 (size before relaxing)

.comment        0x00000000       0x70
 .comment       0x00000000       0x70 ./Sources/main.o
                                 0x71 (size before relaxing)
 .comment       0x00000000       0x71 ./Project_Settings/Startup_Code/system_MK60D10.o

.debug_frame    0x00000000      0x46c
 .debug_frame   0x00000000      0x19c ./Sources/main.o
 .debug_frame   0x0000019c       0x44 ./Project_Settings/Startup_Code/system_MK60D10.o
 .debug_frame   0x000001e0       0x38 /opt/Freescale/KDS_v3/toolchain/bin/../lib/gcc/arm-none-eabi/4.8.4/../../../../arm-none-eabi/lib/armv7e-m/libm.a(lib_a-w_pow.o)
 .debug_frame   0x00000218       0x38 /opt/Freescale/KDS_v3/toolchain/bin/../lib/gcc/arm-none-eabi/4.8.4/../../../../arm-none-eabi/lib/armv7e-m/libm.a(lib_a-e_pow.o)
 .debug_frame   0x00000250       0x34 /opt/Freescale/KDS_v3/toolchain/bin/../lib/gcc/arm-none-eabi/4.8.4/../../../../arm-none-eabi/lib/armv7e-m/libm.a(lib_a-e_sqrt.o)
 .debug_frame   0x00000284       0x20 /opt/Freescale/KDS_v3/toolchain/bin/../lib/gcc/arm-none-eabi/4.8.4/../../../../arm-none-eabi/lib/armv7e-m/libm.a(lib_a-s_fabs.o)
 .debug_frame   0x000002a4       0x20 /opt/Freescale/KDS_v3/toolchain/bin/../lib/gcc/arm-none-eabi/4.8.4/../../../../arm-none-eabi/lib/armv7e-m/libm.a(lib_a-s_finite.o)
 .debug_frame   0x000002c4       0x28 /opt/Freescale/KDS_v3/toolchain/bin/../lib/gcc/arm-none-eabi/4.8.4/../../../../arm-none-eabi/lib/armv7e-m/libm.a(lib_a-s_fpclassify.o)
 .debug_frame   0x000002ec       0x20 /opt/Freescale/KDS_v3/toolchain/bin/../lib/gcc/arm-none-eabi/4.8.4/../../../../arm-none-eabi/lib/armv7e-m/libm.a(lib_a-s_matherr.o)
 .debug_frame   0x0000030c       0x20 /opt/Freescale/KDS_v3/toolchain/bin/../lib/gcc/arm-none-eabi/4.8.4/../../../../arm-none-eabi/lib/armv7e-m/libm.a(lib_a-s_nan.o)
 .debug_frame   0x0000032c       0x34 /opt/Freescale/KDS_v3/toolchain/bin/../lib/gcc/arm-none-eabi/4.8.4/../../../../arm-none-eabi/lib/armv7e-m/libm.a(lib_a-s_rint.o)
 .debug_frame   0x00000360       0x30 /opt/Freescale/KDS_v3/toolchain/bin/../lib/gcc/arm-none-eabi/4.8.4/../../../../arm-none-eabi/lib/armv7e-m/libm.a(lib_a-s_scalbn.o)
 .debug_frame   0x00000390       0x28 /opt/Freescale/KDS_v3/toolchain/bin/../lib/gcc/arm-none-eabi/4.8.4/../../../../arm-none-eabi/lib/armv7e-m/libm.a(lib_a-s_copysign.o)
 .debug_frame   0x000003b8       0x20 /opt/Freescale/KDS_v3/toolchain/bin/../lib/gcc/arm-none-eabi/4.8.4/../../../../arm-none-eabi/lib/armv7e-m/libg_s.a(lib_a-errno.o)
 .debug_frame   0x000003d8       0x28 /opt/Freescale/KDS_v3/toolchain/bin/../lib/gcc/arm-none-eabi/4.8.4/../../../../arm-none-eabi/lib/armv7e-m/libg_s.a(lib_a-exit.o)
 .debug_frame   0x00000400       0x2c /opt/Freescale/KDS_v3/toolchain/bin/../lib/gcc/arm-none-eabi/4.8.4/../../../../arm-none-eabi/lib/armv7e-m/libg_s.a(lib_a-init.o)
 .debug_frame   0x0000042c       0x20 /opt/Freescale/KDS_v3/toolchain/bin/../lib/gcc/arm-none-eabi/4.8.4/../../../../arm-none-eabi/lib/armv7e-m/libg_s.a(lib_a-memset.o)
 .debug_frame   0x0000044c       0x20 /opt/Freescale/KDS_v3/toolchain/bin/../lib/gcc/arm-none-eabi/4.8.4/../../../../arm-none-eabi/lib/armv7e-m/libnosys.a(_exit.o)
